Untitled
data/2DTerrain.dat
data/3DTerrain.dat


40 24
BBBBBBBBBBBBBBBBBBBB  RRRRRRRRRRRRRRRRRRRR
BBBBBBBBBBBBBBBBBBBB  RRRRRRRRRRRRRRRRRRRR
BBBBBBBBBBBBBBBBBBBB  RRRRRRRRRRRRRRRRRRRR
BBBBBBBBBBBBBBBBBBBB  RRRRRRRRRRRRRRRRRRRR
BBBBBBBBBBBBBBBBBBBB  RRRRRRRRRRRRRRRRRRRR
BBBBBBBBBBBBBBBBBBBB  RRRRRRRRRRRRRRRRRRRR
BBBBBBBBBBBBBBBBBBBB  RRRRRRRRRRRRRRRRRRRR
BBBBBBBBBBBBBBBBBBBB  RRRRRRRRRRRRRRRRRRRR
BBBBBBBBBBBBBBBBBBBB  RRRRRRRRRRRRRRRRRRRR
BBBBBBBBBBBBBBBBBBBB  RRRRRRRRRRRRRRRRRRRR
BBBBBBBBBBBBBBBBBBBB  RRRRRRRRRRRRRRRRRRRR
BBBBBBBBBBBBBBBBBBBB  RRRRRRRRRRRRRRRRRRRR
BBBBBBBBBBBBBBBBBBBB  RRRRRRRRRRRRRRRRRRRR
BBBBBBBBBBBBBBBBBBBB  RRRRRRRRRRRRRRRRRRRR
BBBBBBBBBBBBBBBBBBBB  RRRRRRRRRRRRRRRRRRRR
BBBBBBBBBBBBBBBBBBBB  RRRRRRRRRRRRRRRRRRRR
BBBBBBBBBBBBBBBBBBBB  RRRRRRRRRRRRRRRRRRRR
BBBBBBBBBBBBBBBBBBBB  RRRRRRRRRRRRRRRRRRRR
BBBBBBBBBBBBBBBBBBBB  RRRRRRRRRRRRRRRRRRRR
BBBBBBBBBBBBBBBBBBBB  RRRRRRRRRRRRRRRRRRRR
BBBBBBBBBBBBBBBBBBBB  RRRRRRRRRRRRRRRRRRRR
BBBBBBBBBBBBBBBBBBBB  RRRRRRRRRRRRRRRRRRRR
BBBBBBBBBBBBBBBBBBBB  RRRRRRRRRRRRRRRRRRRR
BBBBBBBBBBBBBBBBBBBB  RRRRRRRRRRRRRRRRRRRR
BBBBBBBBBBBBBBBBBBBB  RRRRRRRRRRRRRRRRRRRR
BBBBBBBBBBBBBBBBBBBB  RRRRRRRRRRRRRRRRRRRR
0
